1.2022-01-04 14:11:09:  UPDATE mac_vod SET type_id = '4',type_id_1 = '0',group_id = '0',vod_name = '小猪佩奇第二季英文版',vod_en = 'xiaozhupeiqidierjiyingwenban',vod_status = '1',vod_letter = 'X',vod_tag = '小猪佩奇第二季英文版,小猪,游戏,每集,泥坑,郊游,一集',vod_class = '动漫',vod_pic = 'upload/vod/20211210-1/64a4e45cbea490203ea24b786988fb14.jpg',vod_actor = '小猪佩奇',vod_director = '阿斯特利贝加戴维斯',vod_blurb = '小猪佩奇四岁了，是一只腼腆可爱而又有些专横的小猪，与她的弟弟乔治、猪妈妈和猪爸爸生活在一起。佩奇最喜欢做的事情是玩游戏、化妆游戏、郊游，以及在小泥坑里快乐的跳上跳下！ 《小猪佩奇》每集长度为 5 分钟',vod_remarks = '52集全',vod_total = '52',vod_serial = '0',vod_area = '英国',vod_lang = '英语',vod_year = '2006',vod_isend = '1',vod_lock = '0',vod_level = '0',vod_copyright = '0',vod_points = '0',vod_points_play = '0',vod_points_down = '0',vod_hits = '755',vod_hits_day = '212',vod_hits_week = '840',vod_hits_month = '344',vod_up = '49',vod_down = '78',vod_score = '5',vod_score_all = '3625',vod_score_num = '725',vod_time = '1639115415',vod_time_add = '1639113961',vod_time_hits = '0',vod_time_make = '0',vod_trysee = '0',vod_douban_id = '0',vod_douban_score = '0',vod_content = '小猪佩奇四岁了，是一只腼腆可爱而又有些专横的小猪，与她的弟弟乔治、猪妈妈和猪爸爸生活在一起。佩奇最喜欢做的事情是玩游戏、化妆游戏、郊游，以及在小泥坑里快乐的跳上跳下！ 《小猪佩奇》每集长度为 5 分钟，故事围绕每天在家发生的趣事和积极的家庭价值观展开，很贴近生活，每一集都充满了欢乐有趣的内容。',vod_play_from = 'qiyi',vod_play_url = '第1集$pgutv_all_oZUA3Ggt_jWfoj3ZiPjuqI5QkAT6b_DcI_gWiikr0kh3/7P6Ay83J/m14SlM#第2集$pgutv_all_ocgF3Wl8q2efoj3ZiPjuqI5QkAT6b_DcI_gWiikr0kh3/7P6Ay8yL/m14SlM#第3集$pgutv_all_p8UHhzIorjGfoj3ZiPjuqI5QkAT6b_DcI_gWiikr0kh3/7P6Ay82fPm14SlM#第4集$pgutv_all_o8FU3DMs/DWfoj3ZiPjuqI5QkAT6b_DcI_gWiikr0kh3/7P6DTRrdPm14SlM#第5集$pgutv_all_8MUHi21//TGfoj3ZiPjuqI5QkAT6b_DcI_gWiikr0kh3/7P6DTN1fPm14SlM#第6集$pgutv_all_o5RSjmgr_mefoj3ZiPjuqI5QkAT6b_DcI_gWiikr0kh3/7P6DTRtI/m14SlM#第7集$pgutv_all_oMZRhj8u_Gufoj3ZiPjuqI5QkAT6b_DcI_gWiikr0kh3/7P6DTN2J/m14SlM#第8集$pgutv_all_8MlTh28s8mufoj3ZiPjuqI5QkAT6b_DcI_gWiikr0kh3/7P6DTR3J/m14SlM#第9集$pgutv_all_8MdT3jh8_zefoj3ZiPjuqI5QkAT6b_DcI_gWiikr0kh3/7P6DTNqdPm14SlM#第10集$pgutv_all_8sVWiGgurzefoj3ZiPjuqI5QkAT6b_DcI_gWiikr0kh3/7P6DTQyL/m14SlM#第11集$pgutv_all_9MUH220rq2Wfoj3ZiPjuqI5QkAT6b_DcI_gWiikr0kh3/7P6DTRgP/m14SlM#第12集$pgutv_all_98IHiDsq/zafoj3ZiPjuqI5QkAT6b_DcI_gWiikr0kh3/7P6DTNzK/m14SlM#第13集$pgutv_all_p8ZR2j54/GGfoj3ZiPjuqI5QkAT6b_DcI_gWiikr0kh3/7P6DTNvePm14SlM#第14集$pgutv_all_oZZYijMr82Sfoj3ZiPjuqI5QkAT6b_DcI_gWiikr0kh3/7P6DTQ2fPm14SlM#第15集$pgutv_all_ocBU3G9782Sfoj3ZiPjuqI5QkAT6b_DcI_gWiikr0kh3/7P6DTRuL/m14SlM#第16集$pgutv_all_8shThzor/Gefoj3ZiPjuqI5QkAT6b_DcI_gWiikr0kh3/7P6DTQwP/m14SlM#第17集$pgutv_all_rpJZiTIqrjGfoj3ZiPjuqI5QkAT6b_DcI_gWiikr0kh3/7P6DTNldPm14SlM#第18集$pgutv_all_opZSjm4lqWKfoj3ZiPjuqI5QkAT6b_DcI_gWiikr0kh3/7P6DTN_O/m14SlM#第19集$pgutv_all_o8hU3mgl_TKfoj3ZiPjuqI5QkAT6b_DcI_gWiikr0kh3/7P6DTNtJ/m14SlM#第20集$pgutv_all_opUAiG0k_Tefoj3ZiPjuqI5QkAT6b_DcI_gWiikr0kh3/7P6DTNpO/m14SlM#第21集$pgutv_all_8pJVjD5/r2afoj3ZiPjuqI5QkAT6b_DcI_gWiikr0kh3/7P6DSp2I/m14SlM#第22集$pgutv_all_9MFWjj58/Wefoj3ZiPjuqI5QkAT6b_DcI_gWiikr0kh3/7P6DSg1I/m14SlM#第23集$pgutv_all_pcUHhjkl_GSfoj3ZiPjuqI5QkAT6b_DcI_gWiikr0kh3/7P6DSpxK/m14SlM#第24集$pgutv_all_osNYij0q_mefoj3ZiPjuqI5QkAT6b_DcI_gWiikr0kh3/7P6DSswL/m14SlM#第25集$pgutv_all_rpRQ2zN5/mOfoj3ZiPjuqI5QkAT6b_DcI_gWiikr0kh3/7P6DSpodPm14SlM#第26集$pgutv_all_pcNT228pqTefoj3ZiPjuqI5QkAT6b_DcI_gWiikr0kh3/7P6DSg3dPm14SlM#第27集$pgutv_all_oMlX22kr/jCfoj3ZiPjuqI5QkAT6b_DcI_gWiikr0kh3/7P6DSpzfPm14SlM#第28集$pgutv_all_pcMAiDMl_TCfoj3ZiPjuqI5QkAT6b_DcI_gWiikr0kh3/7P6DSp_ePm14SlM#第29集$pgutv_all_p8VYiGp5/2Cfoj3ZiPjuqI5QkAT6b_DcI_gWiikr0kh3/7P6DSo9P/m14SlM#第30集$pgutv_all_r5RV3j1_/jafoj3ZiPjuqI5QkAT6b_DcI_gWiikr0kh3/7P6DSp0J/m14SlM#第31集$pgutv_all_o8QAij0l8zGfoj3ZiPjuqI5QkAT6b_DcI_gWiikr0kh3/7P6DSl_fPm14SlM#第32集$pgutv_all_8JYFiW9_qDafoj3ZiPjuqI5QkAT6b_DcI_gWiikr0kh3/7P6DSpnO/m14SlM#第33集$pgutv_all_88ZY3Dt4_2Gfoj3ZiPjuqI5QkAT6b_DcI_gWiikr0kh3/7P6DSo3L/m14SlM#第34集$pgutv_all_98dVj24k/2ufoj3ZiPjuqI5QkAT6b_DcI_gWiikr0kh3/7P6DSo8dPm14SlM#第35集$pgutv_all_pJEChjwo_mKfoj3ZiPjuqI5QkAT6b_DcI_gWiikr0kh3/7P6DSlyO/m14SlM#第36集$pgutv_all_85EDjTh__GOfoj3ZiPjuqI5QkAT6b_DcI_gWiikr0kh3/7P6DSpiI/m14SlM#第37集$pgutv_all_osZV2jIs_Tafoj3ZiPjuqI5QkAT6b_DcI_gWiikr0kh3/7P6DSlpfPm14SlM#第38集$pgutv_all_98UCjTt7/Tefoj3ZiPjuqI5QkAT6b_DcI_gWiikr0kh3/7P6DSptePm14SlM#第39集$pgutv_all_8pFZjW95qzGfoj3ZiPjuqI5QkAT6b_DcI_gWiikr0kh3/7P6DSl8P/m14SlM#第40集$pgutv_all_pcFUjG4pr2Kfoj3ZiPjuqI5QkAT6b_DcI_gWiikr0kh3/7P6DSpnJ/m14SlM#第41集$pgutv_all_8MdZimkr/WWfoj3ZiPjuqI5QkAT6b_DcI_gWiikr0kh3/7P6DSl1L/m14SlM#第42集$pgutv_all_9JRTj2l8rGqfoj3ZiPjuqI5QkAT6b_DcI_gWiikr0kh3/7P6DSlwK/m14SlM#第43集$pgutv_all_oMVZhzJ/_DKfoj3ZiPjuqI5QkAT6b_DcI_gWiikr0kh3/7P6DT90O/m14SlM#第44集$pgutv_all_r8NTiWl_/DGfoj3ZiPjuqI5QkAT6b_DcI_gWiikr0kh3/7P6DT9_ePm14SlM#第45集$pgutv_all_rpNUhmkk_Wafoj3ZiPjuqI5QkAT6b_DcI_gWiikr0kh3/7P6DTA2J/m14SlM#第46集$pgutv_all_8MkF2TMk_WSfoj3ZiPjuqI5QkAT6b_DcI_gWiikr0kh3/7P6DT9odPm14SlM#第47集$pgutv_all_rpMH2T8l_zGfoj3ZiPjuqI5QkAT6b_DcI_gWiikr0kh3/7P6DT9_P/m14SlM#第48集$pgutv_all_p8BRi2gs/Defoj3ZiPjuqI5QkAT6b_DcI_gWiikr0kh3/7P6DT9tK/m14SlM#第49集$pgutv_all_pMVRjD1/rDKfoj3ZiPjuqI5QkAT6b_DcI_gWiikr0kh3/7P6DTF0O/m14SlM#第50集$pgutv_all_8MIF3Gh//Dafoj3ZiPjuqI5QkAT6b_DcI_gWiikr0kh3/7P6DTF3L/m14SlM#第51集$pgutv_all_8sdVim95qGGfoj3ZiPjuqI5QkAT6b_DcI_gWiikr0kh3/7P6DTFxdPm14SlM#第52集$pgutv_all_osFXjW578mqfoj3ZiPjuqI5QkAT6b_DcI_gWiikr0kh3/7P6DT9xdPm14SlM',vod_plot = '0' WHERE vod_id = '5245';
1.2022-01-04 17:55:54:  select vod_id,vod_name,vod_pic,vod_year,vod_blurb,
    vod_class,vod_area,vod_lang,vod_score,vod_remarks,vod_hits
     from mac_vod where 1=1  and type_id_1='1' ORDER BY vod_level DESC ,vod_hits DESC,vod_time DESC LIMIT 6
2.2022-01-04 17:55:54:  select vod_id,vod_name,vod_pic,vod_year,
    vod_class,vod_area,vod_lang,vod_score,vod_remarks,vod_hits
     from mac_vod where 1=1  and type_id_1='1'  ORDER BY vod_level DESC ,vod_hits DESC,vod_time DESC  LIMIT 14
3.2022-01-04 17:55:54:  select vod_id,vod_name,vod_pic,vod_year,
     vod_class,vod_area,vod_lang,vod_score,vod_remarks,vod_hits
     from mac_vod where 1=1  and type_id_1='2'  ORDER BY mac_vod.vod_time DESC  LIMIT 14
4.2022-01-04 17:55:55:  select vod_id,vod_name,vod_pic,vod_year,
     vod_class,vod_area,vod_lang,vod_score,vod_remarks,vod_hits
     from mac_vod where 1=1  and type_id='3'  ORDER BY mac_vod.vod_time DESC  LIMIT 14
5.2022-01-04 17:55:55:  select vod_id,vod_name,vod_pic,vod_year,
     vod_class,vod_area,vod_lang,vod_score,vod_remarks,vod_hits
     from mac_vod where 1=1  and type_id='4'  ORDER BY mac_vod.vod_time DESC  LIMIT 14
6.2022-01-04 17:55:59:  select * from mac_admin where admin_name='xiaobai' and admin_pwd='4297f44b13955235245b2497399d7a93' 
7.2022-01-04 17:55:59:  xiaobai,:,eyJhbGciOiJIUzI1NiIsInR5cCI6IkpXVCJ9.eyJ1aWQiOiJ4aWFvYmFpIiwic2NvcGUiOjEsImlhdCI6MTY0MTI5MDE1OSwiZXhwIjoxNjQxMjk3MzU5fQ.75UVjXark4-s4aZFd1YN9-I2FBmkVVRZbd9yqDR-TaE
1.2022-01-04 17:56:57:  select * from mac_vod where 1=1   LIMIT 0,20 
2.2022-01-04 17:57:06:   INSERT INTO mac_vod (type_id, type_name, type_en, type_sort, type_mid, type_pid, type_status) 
                VALUES (NULL, 'undefined', 'undefined', 'undefined', '1',
                'undefined', 'undefined'); 
1.2022-01-04 18:17:54:   INSERT INTO mac_vod (type_id, type_name, type_en, type_sort, type_mid, type_pid, type_status) 
                VALUES (NULL, 'undefined', 'undefined', 'undefined', '1',
                'undefined', 'undefined'); 
1.2022-01-04 18:21:40:   INSERT INTO mac_vod (type_id,vod_level,vod_status,vod_lock,vod_isend,vod_name,vod_lang,vod_area,vod_remarks,vod_year,vod_director,vod_writer,vod_actor)('3','0','0','1','1','测试  23123','法语','法国','123','2021','ww','','啊实打实大所') 
1.2022-01-04 18:23:19:   INSERT INTO mac_vod (vod_name,type_id,vod_level,vod_status,vod_lock,vod_isend,vod_lang,vod_area,vod_remarks,vod_director,vod_actor)  VALUES('阿萨德','1','0','0','0','1','闽南语','美国','啊实打实多','啊实打实多','啊实打实多'); 
2.2022-01-04 18:24:14:  select * from mac_vod where 1=1   and  1=1 LIMIT 0,20 
3.2022-01-04 18:27:30:   INSERT INTO mac_vod (vod_name,type_id,vod_level,vod_status,vod_lock,vod_isend,vod_tag,vod_lang,vod_area,vod_remarks,vod_content)  VALUES('啊实打实多','3','2','0','1','1','123','法语','法国','123123','123123123'); 
1.2022-01-04 18:28:22:  UPDATE mac_vod SET type_id = '3',type_id_1 = '0',group_id = '0',vod_name = '心动的信号 第四季',vod_en = 'xindongdexinhaodisiji',vod_status = '1',vod_letter = 'X',vod_tag = '心动的信号 第四季,社交,推理,四季,节目,不同,信号',vod_class = '综艺',vod_pic = 'upload/vod/20211210-1/8c8d6f40d3690ae526e16a26f67b0c5e.jpg',vod_actor = '杜海涛,郭麒麟,宋祖儿,李雪琴,马伯骞,Angelababy,赵琦君,杨凯雯,宣璐,金靖,毛不易',vod_director = '腾讯综艺台',vod_blurb = '心动的信号第4季，高甜恋综回归，即将播出……',vod_remarks = '20210826期',vod_total = '0',vod_serial = '0',vod_weekday = '0',vod_area = '大陆',vod_year = '2021',vod_isend = '0',vod_lock = '0',vod_level = '0',vod_copyright = '0',vod_points = '0',vod_points_play = '0',vod_points_down = '0',vod_hits = '143',vod_hits_day = '482',vod_hits_week = '773',vod_hits_month = '640',vod_up = '12',vod_down = '97',vod_score = '6',vod_score_all = '1206',vod_score_num = '201',vod_time = '1639126793',vod_time_add = '1639113892',vod_time_hits = '0',vod_time_make = '0',vod_trysee = '0',vod_douban_id = '0',vod_douban_score = '0',vod_reurl = 'https://www.360kan.com/va/Y8QqbHNz8ZQ3ET.html',vod_content = '心动的信号第4季，高甜恋综回归，即将播出……',vod_play_from = 'qq',vod_play_url = '20210616$pgutv_all_9MADjW4s_Gafoj3ZiPjuqddWz1vweeTdOKgYyikRkV5o9KayRGo0fOHu/igYzkJInAc7yA#20210623$pgutv_all_pMcDizMt/GWfoj3ZiPjuqddWz1vweeTdOKgYyikRkV5o9KayRGo0fOXqoX1Qlg5InAc7yA#20210624$pgutv_all_rpJS3Dss_Defoj3ZiPjuqddWz1vweeTdOKgYyikRkV5o9KayRGo0fL6vpSBYyRpInAc7yA#20210702$pgutv_all_8sZZiT58/WKfoj3ZiPjuqddWz1vweeTdOKgYyikRkV5o9KayRGo0fLrl8DNU0hlInAc7yA#20210702$pgutv_all_9MQFhjMuq2Sfoj3ZiPjuqddWz1vweeTdOKgYyikRkV5o9KayRGo0fKa74ihMzRpInAc7yA#20210708$pgutv_all_ppUE3D4t82ufoj3ZiPjuqddWz1vweeTdOKgYyikRkV5o9KayRGo0fLLp5i1Ez0hInAc7yA#20210709$pgutv_all_oMYCiGko/jafoj3ZiPjuqddWz1vweeTdOKgYyikRkV5o9KayRGo0fK___T1JyQ1InAc7yA#20210714$pgutv_all_pcUE2zst/mufoj3ZiPjuqddWz1vweeTdOKgYyikRkV5o9KayRGo0fL/v5z1R2gNInAc7yA#20210715$pgutv_all_ppJVim4o_Tefoj3ZiPjuqddWz1vweeTdOKgYyikRkV5o9KayRGo0fKGx4yJD0QxInAc7yA#20210721$pgutv_all_pZZRiGh4_zCfoj3ZiPjuqddWz1vweeTdOKgYyikRkV5o9KayRGo0fK234yAUwxZInAc7yA#20210722$pgutv_all_oMFQizp/qzWfoj3ZiPjuqddWz1vweeTdOKgYyikRkV5o9KayRGo0fL2w7XJHlwtInAc7yA#20210728$pgutv_all_ocVZijklrGqfoj3ZiPjuqddWz1vweeTdOKgYyikRkV5o9KayRGo0fKG3pn0UxxpInAc7yA#20210729$pgutv_all_psEEjzkp_2Kfoj3ZiPjuqddWz1vweeTdOKgYyikRkV5o9KayRGo0fLOp/XdR1RhInAc7yA#20210804$pgutv_all_p8JYhm4v_Gafoj3ZiPjuqddWz1vweeTdOKgYyikRkV5o9KayRGo0fL6q5i0VwQ1InAc7yA#20210805$pgutv_all_9cFR22gk_GCfoj3ZiPjuqddWz1vweeTdOKgYyikRkV5o9KayRGo0fLzl4HZaxUxInAc7yA#20210811$pgutv_all_8JFRjWksrmKfoj3ZiPjuqddWz1vweeTdOKgYyikRkV5o9KayRGo0fK6qrS1Uz0hInAc7yA#20210812$pgutv_all_pMFQjz4qrjWfoj3ZiPjuqddWz1vweeTdOKgYyikRkV5o9KayRGo0fLXu9zwQzRZInAc7yA#20210818$pgutv_all_r8NX2W8t_zWfoj3ZiPjuqddWz1vweeTdOKgYyikRkV5o9KayRGo0fO7o4zAS1ktInAc7yA#20210819$pgutv_all_r5FVi2h7rDGfoj3ZiPjuqddWz1vweeTdOKgYyikRkV5o9KayRGo0fO__8CkTlBlInAc7yA#20210825$pgutv_all_ppFRh28uq2Cfoj3ZiPjuqddWz1vweeTdOKgYyikRkV5o9KayRGo0fKeo4ykWwgNInAc7yA#20210826$pgutv_all_oZIAhz5_rjefoj3ZiPjuqddWz1vweeTdOKgYyikRkV5o9KayRGo0fLq44itUyRdInAc7yA#2021-06-16期$pgutv_all_9MADjW4s_Gafoj3ZiPjuqddWz1vweeTdOKgYyikRkV5o9KayRGo0fOHu/igYzkJInAc7yA#2021-06-23期$pgutv_all_pMcDizMt/GWfoj3ZiPjuqddWz1vweeTdOKgYyikRkV5o9KayRGo0fOXqoX1Qlg5InAc7yA#2021-06-24期$pgutv_all_rpJS3Dss_Defoj3ZiPjuqddWz1vweeTdOKgYyikRkV5o9KayRGo0fL6vpSBYyRpInAc7yA#2021-07-02期$pgutv_all_8sZZiT58/WKfoj3ZiPjuqddWz1vweeTdOKgYyikRkV5o9KayRGo0fLrl8DNU0hlInAc7yA#2021-07-02期$pgutv_all_9MQFhjMuq2Sfoj3ZiPjuqddWz1vweeTdOKgYyikRkV5o9KayRGo0fKa74ihMzRpInAc7yA#2021-07-08期$pgutv_all_ppUE3D4t82ufoj3ZiPjuqddWz1vweeTdOKgYyikRkV5o9KayRGo0fLLp5i1Ez0hInAc7yA#2021-07-09期$pgutv_all_oMYCiGko/jafoj3ZiPjuqddWz1vweeTdOKgYyikRkV5o9KayRGo0fK___T1JyQ1InAc7yA#2021-07-14期$pgutv_all_pcUE2zst/mufoj3ZiPjuqddWz1vweeTdOKgYyikRkV5o9KayRGo0fL/v5z1R2gNInAc7yA#2021-07-15期$pgutv_all_ppJVim4o_Tefoj3ZiPjuqddWz1vweeTdOKgYyikRkV5o9KayRGo0fKGx4yJD0QxInAc7yA#2021-07-21期$pgutv_all_pZZRiGh4_zCfoj3ZiPjuqddWz1vweeTdOKgYyikRkV5o9KayRGo0fK234yAUwxZInAc7yA#2021-07-22期$pgutv_all_oMFQizp/qzWfoj3ZiPjuqddWz1vweeTdOKgYyikRkV5o9KayRGo0fL2w7XJHlwtInAc7yA#2021-07-28期$pgutv_all_ocVZijklrGqfoj3ZiPjuqddWz1vweeTdOKgYyikRkV5o9KayRGo0fKG3pn0UxxpInAc7yA#2021-07-29期$pgutv_all_psEEjzkp_2Kfoj3ZiPjuqddWz1vweeTdOKgYyikRkV5o9KayRGo0fLOp/XdR1RhInAc7yA#2021-08-04期$pgutv_all_p8JYhm4v_Gafoj3ZiPjuqddWz1vweeTdOKgYyikRkV5o9KayRGo0fL6q5i0VwQ1InAc7yA#2021-08-05期$pgutv_all_9cFR22gk_GCfoj3ZiPjuqddWz1vweeTdOKgYyikRkV5o9KayRGo0fLzl4HZaxUxInAc7yA#2021-08-11期$pgutv_all_8JFRjWksrmKfoj3ZiPjuqddWz1vweeTdOKgYyikRkV5o9KayRGo0fK6qrS1Uz0hInAc7yA#2021-08-12期$pgutv_all_pMFQjz4qrjWfoj3ZiPjuqddWz1vweeTdOKgYyikRkV5o9KayRGo0fLXu9zwQzRZInAc7yA#2021-08-18期$pgutv_all_r8NX2W8t_zWfoj3ZiPjuqddWz1vweeTdOKgYyikRkV5o9KayRGo0fO7o4zAS1ktInAc7yA#2021-08-19期$pgutv_all_r5FVi2h7rDGfoj3ZiPjuqddWz1vweeTdOKgYyikRkV5o9KayRGo0fO__8CkTlBlInAc7yA#2021-08-25期$pgutv_all_ppFRh28uq2Cfoj3ZiPjuqddWz1vweeTdOKgYyikRkV5o9KayRGo0fKeo4ykWwgNInAc7yA#2021-08-26期$pgutv_all_oZIAhz5_rjefoj3ZiPjuqddWz1vweeTdOKgYyikRkV5o9KayRGo0fLq44itUyRdInAc7yA',vod_plot = '0' WHERE vod_id = '5224';
1.2022-01-04 18:55:42:   INSERT INTO mac_vod ()  VALUES(); 
1.2022-01-04 19:00:27:  select * from mac_vod where 1=1   LIMIT 0,20 
2.2022-01-04 19:00:41:  select * from mac_vod where 1=1   and  1=1 LIMIT 0,20 
1.2022-01-04 19:01:05:  select * from mac_vod where 1=1   and  1=1 LIMIT 0,20 
1.2022-01-04 19:01:46:  select * from mac_vod where 1=1   LIMIT 0,20 
2.2022-01-04 19:03:09:  select * from mac_vod where 1=1   LIMIT 0,20 
3.2022-01-04 19:03:57:  select * from mac_vod where 1=1   LIMIT 0,20 
4.2022-01-04 19:04:00:  select type_id,type_name,type_en,type_pid,type_status,
            type_sort from mac_type order by type_id asc 
5.2022-01-04 19:04:01:  select type_id,type_name,type_en,type_pid,type_status,
            type_sort from mac_type order by type_id asc 
6.2022-01-04 19:04:04:  select * from mac_vod where 1=1   LIMIT 0,20 
1.2022-01-04 19:04:32:   INSERT INTO mac_vod ()  VALUES(); 
1.2022-01-04 19:05:57:   INSERT INTO mac_vod ()  VALUES(); 
1.2022-01-04 19:06:49:  select * from mac_vod where 1=1   and  1=1 LIMIT 0,20 
2.2022-01-04 19:06:59:   INSERT INTO mac_vod ()  VALUES(); 
1.2022-01-04 19:09:47:   INSERT INTO mac_vod (vod_id,vod_id,type_id,type_id_1,group_id,vod_name,vod_sub,vod_en,vod_status,vod_letter,vod_color,vod_tag,vod_class,vod_pic,vod_pic_thumb,vod_pic_slide,vod_pic_screenshot,vod_actor,vod_director,vod_writer,vod_behind,vod_blurb,vod_remarks,vod_pubdate,vod_total,vod_serial,vod_tv,vod_weekday,vod_area,vod_lang,vod_year,vod_version,vod_state,vod_author,vod_jumpurl,vod_tpl,vod_tpl_play,vod_tpl_down,vod_isend,vod_lock,vod_level,vod_copyright,vod_points,vod_points_play,vod_points_down,vod_hits,vod_hits_day,vod_hits_week,vod_hits_month,vod_duration,vod_up,vod_down,vod_score,vod_score_all,vod_score_num,vod_time,vod_time_add,vod_time_hits,vod_time_make,vod_trysee,vod_douban_id,vod_douban_score,vod_reurl,vod_rel_vod,vod_rel_art,vod_pwd,vod_pwd_url,vod_pwd_play,vod_pwd_play_url,vod_pwd_down,vod_pwd_down_url,vod_content,vod_play_from,vod_play_server,vod_play_note,vod_play_url,vod_down_from,vod_down_server,vod_down_note,vod_down_url,vod_plot,vod_plot_name,vod_plot_detail)  VALUES(NULl,'undefined','1','undefined','undefined','锁定啊实打实多','undefined','undefined','0','undefined','undefined','undefined','0','undefined','undefined','undefined','undefined','0','0','','undefined','undefined','23','undefined','0','0','undefined','undefined','中国大陆','英语','undefined','undefined','undefined','undefined','undefined','undefined','undefined','undefined','1','1','0','undefined','undefined','undefined','undefined','undefined','undefined','undefined','undefined','undefined','undefined','undefined','undefined','undefined','undefined','undefined','undefined','undefined','undefined','undefined','undefined','undefined','undefined','undefined','undefined','undefined','undefined','undefined','undefined','undefined','undefined','达到啊实打实大所多啊实打实大','undefined','undefined','undefined','','undefined','undefined','undefined','undefined','undefined','undefined','undefined'); 
2.2022-01-04 19:09:48:  select * from mac_vod where 1=1   LIMIT 0,20 
3.2022-01-04 19:10:29:  select * from mac_vod where 1=1   and  1=1 ORDER BY vod_time_add DESC  LIMIT 0,20 
4.2022-01-04 19:10:31:  select * from mac_vod where 1=1   and  1=1 ORDER BY vod_time_add DESC  LIMIT 0,20 
5.2022-01-04 19:10:33:  select * from mac_vod where 1=1   and  1=1 LIMIT 0,20 
1.2022-01-04 19:12:04:   INSERT INTO mac_vod (vod_id,vod_id,type_id,type_id_1,group_id,vod_name,vod_sub,vod_en,vod_status,vod_letter,vod_color,vod_tag,vod_class,vod_pic,vod_pic_thumb,vod_pic_slide,vod_pic_screenshot,vod_actor,vod_director,vod_writer,vod_behind,vod_blurb,vod_remarks,vod_pubdate,vod_total,vod_serial,vod_tv,vod_weekday,vod_area,vod_lang,vod_year,vod_version,vod_state,vod_author,vod_jumpurl,vod_tpl,vod_tpl_play,vod_tpl_down,vod_isend,vod_lock,vod_level,vod_copyright,vod_points,vod_points_play,vod_points_down,vod_hits,vod_hits_day,vod_hits_week,vod_hits_month,vod_duration,vod_up,vod_down,vod_score,vod_score_all,vod_score_num,vod_time,vod_time_add,vod_time_hits,vod_time_make,vod_trysee,vod_douban_id,vod_douban_score,vod_reurl,vod_rel_vod,vod_rel_art,vod_pwd,vod_pwd_url,vod_pwd_play,vod_pwd_play_url,vod_pwd_down,vod_pwd_down_url,vod_content,vod_play_from,vod_play_server,vod_play_note,vod_play_url,vod_down_from,vod_down_server,vod_down_note,vod_down_url,vod_plot,vod_plot_name,vod_plot_detail)  VALUES(NULL,'undefined','1','undefined','undefined','阿达撒大声大所多','undefined','undefined','0','undefined','undefined','undefined','undefined','undefined','undefined','undefined','undefined','undefined','undefined','undefined','undefined','undefined','啊实打实大','undefined','undefined','undefined','undefined','undefined','中国大陆','英语','undefined','undefined','undefined','undefined','undefined','undefined','undefined','undefined','1','1','0','undefined','undefined','undefined','undefined','undefined','undefined','undefined','undefined','undefined','undefined','undefined','undefined','undefined','undefined','undefined','undefined','undefined','undefined','undefined','undefined','undefined','undefined','undefined','undefined','undefined','undefined','undefined','undefined','undefined','undefined','啊实打实大','undefined','undefined','undefined','undefined','undefined','undefined','undefined','undefined','undefined','undefined','undefined'); 
1.2022-01-04 19:19:01:   INSERT INTO mac_vod ()  VALUES(); 
1.2022-01-04 19:20:16:   INSERT INTO mac_vod ()  VALUES(); 
1.2022-01-04 19:24:40:   INSERT INTO mac_vod ()  VALUES(); 
1.2022-01-04 19:25:07:   INSERT INTO mac_vod ()  VALUES(); 
1.2022-01-04 19:25:59:   INSERT INTO mac_vod ()  VALUES(); 
1.2022-01-04 19:26:34:   INSERT INTO mac_vod ()  VALUES(); 
1.2022-01-04 19:31:14:   INSERT INTO mac_vod (type_id,type_id_1,group_id,vod_name,vod_sub,vod_en,vod_status,vod_letter,vod_color,vod_tag,vod_class,vod_pic,vod_pic_thumb,vod_pic_slide,vod_pic_screenshot,vod_actor,vod_director,vod_writer,vod_behind,vod_blurb,vod_remarks,vod_pubdate,vod_total,vod_serial,vod_tv,vod_weekday,vod_area,vod_lang,vod_year,vod_version,vod_state,vod_author,vod_jumpurl,vod_tpl,vod_tpl_play,vod_tpl_down,vod_isend,vod_lock,vod_level,vod_copyright,vod_points,vod_points_play,vod_points_down,vod_hits,vod_hits_day,vod_hits_week,vod_hits_month,vod_duration,vod_up,vod_down,vod_score,vod_score_all,vod_score_num,vod_time,vod_time_add,vod_time_hits,vod_time_make,vod_trysee,vod_douban_id,vod_douban_score,vod_reurl,vod_rel_vod,vod_rel_art,vod_pwd,vod_pwd_url,vod_pwd_play,vod_pwd_play_url,vod_pwd_down,vod_pwd_down_url,vod_content,vod_play_from,vod_play_server,vod_play_note,vod_play_url,vod_down_from,vod_down_server,vod_down_note,vod_down_url,vod_plot,vod_plot_name,vod_plot_detail)  VALUES('1','0','0','阿达撒大声大所多','','','0','','','','','','','','','','','','','','啊实打实大','','0','0','','0','中国大陆','英语','','','','','','','','','1','1','0','0','0','0','0','0','0','0','0','','0','0','0.0','0','0','0','0','0','0','0','0','0','','','','','','','','','','啊实打实大','','','','','','','','','0','',''); 
2.2022-01-04 19:31:51:   INSERT INTO mac_vod (type_id,type_id_1,group_id,vod_name,vod_sub,vod_en,vod_status,vod_letter,vod_color,vod_tag,vod_class,vod_pic,vod_pic_thumb,vod_pic_slide,vod_pic_screenshot,vod_actor,vod_director,vod_writer,vod_behind,vod_blurb,vod_remarks,vod_pubdate,vod_total,vod_serial,vod_tv,vod_weekday,vod_area,vod_lang,vod_year,vod_version,vod_state,vod_author,vod_jumpurl,vod_tpl,vod_tpl_play,vod_tpl_down,vod_isend,vod_lock,vod_level,vod_copyright,vod_points,vod_points_play,vod_points_down,vod_hits,vod_hits_day,vod_hits_week,vod_hits_month,vod_duration,vod_up,vod_down,vod_score,vod_score_all,vod_score_num,vod_time,vod_time_add,vod_time_hits,vod_time_make,vod_trysee,vod_douban_id,vod_douban_score,vod_reurl,vod_rel_vod,vod_rel_art,vod_pwd,vod_pwd_url,vod_pwd_play,vod_pwd_play_url,vod_pwd_down,vod_pwd_down_url,vod_content,vod_play_from,vod_play_server,vod_play_note,vod_play_url,vod_down_from,vod_down_server,vod_down_note,vod_down_url,vod_plot,vod_plot_name,vod_plot_detail)  VALUES('1','0','0','阿达撒大声大所多','','','0','','','','','','','','','','','','','','啊实打实大','','0','0','','0','中国大陆','英语','','','','','','','','','1','1','0','0','0','0','0','0','0','0','0','','0','0','0.0','0','0','0','0','0','0','0','0','0','','','','','','','','','','啊实打实大','','','','','','','','','0','',''); 
3.2022-01-04 19:32:52:  select * from mac_vod where 1=1   LIMIT 0,20 
4.2022-01-04 19:38:05:   INSERT INTO mac_vod (type_id,type_id_1,group_id,vod_name,vod_sub,vod_en,vod_status,vod_letter,vod_color,vod_tag,vod_class,vod_pic,vod_pic_thumb,vod_pic_slide,vod_pic_screenshot,vod_actor,vod_director,vod_writer,vod_behind,vod_blurb,vod_remarks,vod_pubdate,vod_total,vod_serial,vod_tv,vod_weekday,vod_area,vod_lang,vod_year,vod_version,vod_state,vod_author,vod_jumpurl,vod_tpl,vod_tpl_play,vod_tpl_down,vod_isend,vod_lock,vod_level,vod_copyright,vod_points,vod_points_play,vod_points_down,vod_hits,vod_hits_day,vod_hits_week,vod_hits_month,vod_duration,vod_up,vod_down,vod_score,vod_score_all,vod_score_num,vod_time,vod_time_add,vod_time_hits,vod_time_make,vod_trysee,vod_douban_id,vod_douban_score,vod_reurl,vod_rel_vod,vod_rel_art,vod_pwd,vod_pwd_url,vod_pwd_play,vod_pwd_play_url,vod_pwd_down,vod_pwd_down_url,vod_content,vod_play_from,vod_play_server,vod_play_note,vod_play_url,vod_down_from,vod_down_server,vod_down_note,vod_down_url,vod_plot,vod_plot_name,vod_plot_detail)  VALUES('3','0','0','阿萨达多','','','0','','','','','','','','','','','','','','','','0','0','','0','','','','','','','','','','','1','1','2','0','0','0','0','0','0','0','0','','0','0','0.0','0','0','0','0','0','0','0','0','0','','','','','','','','','','啊啊实打实多','','','','','','','','','0','',''); 
5.2022-01-04 19:38:32:  select * from mac_vod where 1=1   LIMIT 0,20 
1.2022-01-05 13:13:39:  select * from mac_admin where admin_name='xiaobai' and admin_pwd='4297f44b13955235245b2497399d7a93' 
2.2022-01-05 13:13:39:  xiaobai,:,eyJhbGciOiJIUzI1NiIsInR5cCI6IkpXVCJ9.eyJ1aWQiOiJ4aWFvYmFpIiwic2NvcGUiOjEsImlhdCI6MTY0MTM1OTYxOSwiZXhwIjoxNjQxMzY2ODE5fQ._bVCcbNQB2NNKZhFk3OYFdFWuRcRzjTOiIav5EBDDXE
3.2022-01-05 13:13:42:  select type_id,type_name,type_en,type_pid,type_status,
            type_sort from mac_type order by type_id asc 
4.2022-01-05 13:13:48:  select type_id,type_name,type_en,type_pid,type_status,
            type_sort from mac_type order by type_id asc 
5.2022-01-05 13:13:49:  select * from mac_vod where 1=1   LIMIT 0,20 
1.2022-01-05 13:28:53:  select type_id,type_name,type_en,type_pid,type_status,
            type_sort from mac_type order by type_id asc 
2.2022-01-05 13:29:06:  select * from mac_vod where 1=1   LIMIT 0,20 
1.2022-01-05 13:36:58:  select type_id,type_name,type_en,type_pid,type_status,
            type_sort from mac_type order by type_id asc 
1.2022-01-05 16:28:30:  select * from mac_admin where admin_name='xiaobai' and admin_pwd='4297f44b13955235245b2497399d7a93' 
2.2022-01-05 16:28:30:  xiaobai,:,eyJhbGciOiJIUzI1NiIsInR5cCI6IkpXVCJ9.eyJ1aWQiOiJ4aWFvYmFpIiwic2NvcGUiOjEsImlhdCI6MTY0MTM3MTMxMCwiZXhwIjoxNjQxMzc4NTEwfQ.1JG3oNxtXD9UCPdpTkYPvIt26Z4VX6aR2w2mN-4IZXk
3.2022-01-05 16:28:32:  select * from mac_vod where 1=1   LIMIT 0,20 
4.2022-01-05 16:29:54:  select vod_id,vod_name,type_id,type_id_1,vod_pic,vod_year,vod_class,vod_area,vod_lang,vod_score,vod_score,vod_pubdate,
    vod_en,vod_blurb,vod_content,vod_remarks,vod_hits,vod_time,vod_director,vod_actor,vod_duration,vod_reurl,vod_play_url,vod_play_from
     from mac_vod where  vod_id='5224' LIMIT 1
5.2022-01-05 16:29:54:  select vod_id,vod_name,type_id,type_id_1,vod_pic,vod_year,vod_class,vod_area,vod_lang,vod_score,vod_hits,vod_actor
    from mac_vod where type_id='3' ORDER BY vod_score_all desc LIMIT 6 ;  
6.2022-01-05 16:29:54:  select vod_id,vod_name,type_id,type_id_1,vod_pic,vod_year,vod_class,vod_area,vod_lang,vod_score,vod_hits,vod_actor
    from mac_vod where type_id='3' ORDER BY vod_hits desc LIMIT 8 ;  
7.2022-01-05 16:29:58:  select vod_id,vod_name,type_id,type_id_1,vod_pic,vod_year,vod_class,vod_area,vod_lang,vod_score,vod_score,vod_pubdate,
    vod_en,vod_blurb,vod_content,vod_remarks,vod_hits,vod_time,vod_director,vod_actor,vod_duration,vod_reurl,vod_play_url,vod_play_from
     from mac_vod where  vod_id='5224' LIMIT 1
8.2022-01-05 16:32:18:  select vod_id,vod_name,vod_pic,vod_year,vod_blurb,
    vod_class,vod_area,vod_lang,vod_score,vod_remarks,vod_hits
     from mac_vod where 1=1  and type_id_1='1' ORDER BY vod_level DESC ,vod_hits DESC,vod_time DESC LIMIT 6
9.2022-01-05 16:32:18:  select vod_id,vod_name,vod_pic,vod_year,
    vod_class,vod_area,vod_lang,vod_score,vod_remarks,vod_hits
     from mac_vod where 1=1  and type_id_1='1'  ORDER BY vod_level DESC ,vod_hits DESC,vod_time DESC  LIMIT 14
10.2022-01-05 16:32:19:  select vod_id,vod_name,vod_pic,vod_year,
     vod_class,vod_area,vod_lang,vod_score,vod_remarks,vod_hits
     from mac_vod where 1=1  and type_id_1='2'  ORDER BY mac_vod.vod_time DESC  LIMIT 14
11.2022-01-05 16:32:19:  select vod_id,vod_name,vod_pic,vod_year,
     vod_class,vod_area,vod_lang,vod_score,vod_remarks,vod_hits
     from mac_vod where 1=1  and type_id='3'  ORDER BY mac_vod.vod_time DESC  LIMIT 14
12.2022-01-05 16:32:19:  select vod_id,vod_name,vod_pic,vod_year,
     vod_class,vod_area,vod_lang,vod_score,vod_remarks,vod_hits
     from mac_vod where 1=1  and type_id='4'  ORDER BY mac_vod.vod_time DESC  LIMIT 14
13.2022-01-05 16:32:21:  select vod_id,vod_name,type_id,type_id_1,vod_pic,vod_year,vod_class,vod_area,vod_lang,vod_score,vod_score,vod_pubdate,
    vod_en,vod_blurb,vod_content,vod_remarks,vod_hits,vod_time,vod_director,vod_actor,vod_duration,vod_reurl,vod_play_url,vod_play_from
     from mac_vod where  vod_id='14226' LIMIT 1
14.2022-01-05 16:32:21:  select vod_id,vod_name,type_id,type_id_1,vod_pic,vod_year,vod_class,vod_area,vod_lang,vod_score,vod_hits,vod_actor
    from mac_vod where type_id='11' ORDER BY vod_score_all desc LIMIT 6 ;  
15.2022-01-05 16:32:21:  select vod_id,vod_name,type_id,type_id_1,vod_pic,vod_year,vod_class,vod_area,vod_lang,vod_score,vod_hits,vod_actor
    from mac_vod where type_id='11' ORDER BY vod_hits desc LIMIT 8 ;  
16.2022-01-05 16:32:23:  select vod_id,vod_name,type_id,type_id_1,vod_pic,vod_year,vod_class,vod_area,vod_lang,vod_score,vod_score,vod_pubdate,
    vod_en,vod_blurb,vod_content,vod_remarks,vod_hits,vod_time,vod_director,vod_actor,vod_duration,vod_reurl,vod_play_url,vod_play_from
     from mac_vod where  vod_id='14226' LIMIT 1
1.2022-01-06 12:24:45:  select vod_id,vod_name,vod_pic,vod_year,vod_blurb,
    vod_class,vod_area,vod_lang,vod_score,vod_remarks,vod_hits
     from mac_vod where 1=1  and type_id_1='1' ORDER BY vod_level DESC ,vod_hits DESC,vod_time DESC LIMIT 6
2.2022-01-06 12:24:45:  select vod_id,vod_name,vod_pic,vod_year,
    vod_class,vod_area,vod_lang,vod_score,vod_remarks,vod_hits
     from mac_vod where 1=1  and type_id_1='1'  ORDER BY vod_level DESC ,vod_hits DESC,vod_time DESC  LIMIT 14
3.2022-01-06 12:24:45:  select vod_id,vod_name,vod_pic,vod_year,
     vod_class,vod_area,vod_lang,vod_score,vod_remarks,vod_hits
     from mac_vod where 1=1  and type_id_1='2'  ORDER BY mac_vod.vod_time DESC  LIMIT 14
4.2022-01-06 12:24:45:  select vod_id,vod_name,vod_pic,vod_year,
     vod_class,vod_area,vod_lang,vod_score,vod_remarks,vod_hits
     from mac_vod where 1=1  and type_id='3'  ORDER BY mac_vod.vod_time DESC  LIMIT 14
5.2022-01-06 12:24:46:  select vod_id,vod_name,vod_pic,vod_year,
     vod_class,vod_area,vod_lang,vod_score,vod_remarks,vod_hits
     from mac_vod where 1=1  and type_id='4'  ORDER BY mac_vod.vod_time DESC  LIMIT 14
6.2022-01-06 12:24:51:  select * from mac_admin where admin_name='xiaobai' and admin_pwd='4297f44b13955235245b2497399d7a93' 
7.2022-01-06 12:24:51:  xiaobai,:,eyJhbGciOiJIUzI1NiIsInR5cCI6IkpXVCJ9.eyJ1aWQiOiJ4aWFvYmFpIiwic2NvcGUiOjEsImlhdCI6MTY0MTQ0MzA5MSwiZXhwIjoxNjQxNDUwMjkxfQ.kFp93xgoMGLJY4zP1-Z6W0hPTa3Ifv4eWzSxPOse0Zc
8.2022-01-06 12:24:55:  select * from mac_vod where 1=1   LIMIT 0,20 
1.2022-01-07 13:20:01:  select vod_id,vod_name,vod_pic,vod_year,vod_blurb,
    vod_class,vod_area,vod_lang,vod_score,vod_remarks,vod_hits
     from mac_vod where 1=1  and type_id_1='1' ORDER BY vod_level DESC ,vod_hits DESC,vod_time DESC LIMIT 6
2.2022-01-07 13:20:01:  select vod_id,vod_name,vod_pic,vod_year,
    vod_class,vod_area,vod_lang,vod_score,vod_remarks,vod_hits
     from mac_vod where 1=1  and type_id_1='1'  ORDER BY vod_level DESC ,vod_hits DESC,vod_time DESC  LIMIT 14
3.2022-01-07 13:20:01:  select vod_id,vod_name,vod_pic,vod_year,
     vod_class,vod_area,vod_lang,vod_score,vod_remarks,vod_hits
     from mac_vod where 1=1  and type_id_1='2'  ORDER BY mac_vod.vod_time DESC  LIMIT 14
4.2022-01-07 13:20:01:  select vod_id,vod_name,vod_pic,vod_year,
     vod_class,vod_area,vod_lang,vod_score,vod_remarks,vod_hits
     from mac_vod where 1=1  and type_id='3'  ORDER BY mac_vod.vod_time DESC  LIMIT 14
5.2022-01-07 13:20:01:  select vod_id,vod_name,vod_pic,vod_year,
     vod_class,vod_area,vod_lang,vod_score,vod_remarks,vod_hits
     from mac_vod where 1=1  and type_id='4'  ORDER BY mac_vod.vod_time DESC  LIMIT 14
6.2022-01-07 13:20:10:  select * from mac_admin where admin_name='xiaobai' and admin_pwd='4297f44b13955235245b2497399d7a93' 
7.2022-01-07 13:20:10:  xiaobai,:,eyJhbGciOiJIUzI1NiIsInR5cCI6IkpXVCJ9.eyJ1aWQiOiJ4aWFvYmFpIiwic2NvcGUiOjEsImlhdCI6MTY0MTUzMjgxMCwiZXhwIjoxNjQxNTQwMDEwfQ.7fBK43y00wdecHs8Kc0AXpEpeW0Z580u-BUvrHrR2iU
8.2022-01-07 13:22:59:  select type_id,type_name,type_en,type_pid,type_status,
            type_sort from mac_type order by type_id asc 
9.2022-01-07 13:23:06:  select * from mac_vod where 1=1   LIMIT 0,20 
10.2022-01-07 13:31:10:  select * from mac_vod where 1=1   LIMIT 0,20 
11.2022-01-07 13:31:50:  select * from mac_vod where 1=1   LIMIT 0,20 
12.2022-01-07 13:31:55:  select * from mac_vod where 1=1   LIMIT 0,20 
13.2022-01-07 13:34:46:  select type_id,type_name,type_en,type_pid,type_status,
            type_sort from mac_type order by type_id asc 
14.2022-01-07 13:34:49:  select type_id,type_name,type_en,type_pid,type_status,
            type_sort from mac_type order by type_id asc 
15.2022-01-07 13:34:51:  select type_id,type_name,type_en,type_pid,type_status,
            type_sort from mac_type order by type_id asc 
16.2022-01-07 13:34:58:  select * from mac_vod where 1=1   LIMIT 0,20 
17.2022-01-07 13:36:25:  select * from mac_vod where 1=1   LIMIT 0,20 
1.2022-01-07 13:48:08:  SELECT * FROM video_api;
2.2022-01-07 13:49:04:  select type_id,type_name,type_en,type_pid,type_status,
            type_sort from mac_type order by type_id asc 
3.2022-01-07 13:49:22:  select * from mac_vod where 1=1   LIMIT 0,20 
4.2022-01-07 13:49:22:  SELECT * FROM video_api;
5.2022-01-07 13:49:24:  select * from mac_vod where 1=1   LIMIT 0,20 
6.2022-01-07 13:49:28:  SELECT * FROM video_api;
7.2022-01-07 13:49:29:  select * from mac_vod where 1=1   LIMIT 0,20 
8.2022-01-07 13:49:32:  SELECT * FROM video_api;
9.2022-01-07 13:49:38:  select * from mac_vod where 1=1   LIMIT 0,20 
10.2022-01-07 13:50:54:  SELECT * FROM video_api;
11.2022-01-07 13:52:27:  SELECT * FROM video_api;
12.2022-01-07 13:52:27:  SELECT * FROM video_api;
13.2022-01-07 13:53:07:  SELECT * FROM video_api;
14.2022-01-07 13:54:05:  SELECT * FROM video_api;
15.2022-01-07 13:54:13:  SELECT * FROM video_api;
16.2022-01-07 13:54:14:  SELECT * FROM video_api;
17.2022-01-07 13:54:16:  SELECT * FROM video_api;
18.2022-01-07 13:55:59:  SELECT * FROM video_api;
19.2022-01-07 13:56:16:  SELECT * FROM video_api;
20.2022-01-07 13:56:21:  SELECT * FROM video_api;
21.2022-01-07 13:56:24:  SELECT * FROM video_api;
22.2022-01-07 13:56:25:  select * from mac_vod where 1=1   LIMIT 0,20 
23.2022-01-07 13:56:26:  SELECT * FROM video_api;
24.2022-01-07 13:56:30:  SELECT * FROM video_api;
25.2022-01-07 13:56:31:  SELECT * FROM video_api;
26.2022-01-07 13:56:40:  SELECT * FROM video_api;
27.2022-01-07 13:56:43:  SELECT * FROM video_api;
28.2022-01-07 13:57:32:  SELECT * FROM video_api;
29.2022-01-07 13:57:45:  SELECT * FROM video_api;
30.2022-01-07 13:57:59:  SELECT * FROM video_api;
31.2022-01-07 13:58:18:  SELECT * FROM video_api;
32.2022-01-07 13:58:18:  SELECT * FROM video_api;
33.2022-01-07 13:58:21:  SELECT * FROM video_api;
34.2022-01-07 13:58:22:  SELECT * FROM video_api;
35.2022-01-07 13:58:25:  SELECT * FROM video_api;
36.2022-01-07 13:58:27:  SELECT * FROM video_api;
1.2022-01-07 14:01:22:  SELECT * FROM video_api;
1.2022-01-07 14:03:36:  SELECT * FROM video_api WHERE api_name LIKE '%OK%';
2.2022-01-07 14:03:39:  SELECT * FROM video_api;
1.2022-01-07 14:04:27:  select type_id,type_name,type_en,type_pid,type_status,
            type_sort from mac_type order by type_id asc 
2.2022-01-07 14:04:27:  select type_id,type_name,type_en,type_pid,type_status,
            type_sort from mac_type order by type_id asc 
3.2022-01-07 14:08:14:  select * from mac_vod where 1=1   LIMIT 0,20 
4.2022-01-07 14:08:14:  SELECT * FROM video_api;
5.2022-01-07 14:08:18:  SELECT * FROM video_api;
6.2022-01-07 14:09:02:  SELECT * FROM video_api;
7.2022-01-07 14:09:25:  SELECT * FROM video_api;
8.2022-01-07 14:10:18:  SELECT * FROM video_api;
9.2022-01-07 14:10:35:  SELECT * FROM video_api;
10.2022-01-07 14:11:44:  SELECT * FROM video_api;
11.2022-01-07 14:12:30:  SELECT * FROM video_api;
12.2022-01-07 14:15:14:  SELECT * FROM video_api;
13.2022-01-07 14:15:20:  SELECT * FROM video_api;
14.2022-01-07 14:15:52:  SELECT * FROM video_api;
15.2022-01-07 14:16:26:  SELECT * FROM video_api;
16.2022-01-07 14:17:37:  SELECT * FROM video_api;
17.2022-01-07 14:18:16:  SELECT * FROM video_api;
18.2022-01-07 14:18:22:  SELECT * FROM video_api;
19.2022-01-07 14:19:37:  SELECT * FROM video_api;
20.2022-01-07 14:20:03:  SELECT * FROM video_api;
21.2022-01-07 14:20:07:  SELECT * FROM video_api;
22.2022-01-07 14:21:49:  SELECT * FROM video_api;
23.2022-01-07 14:22:55:  SELECT * FROM video_api;
24.2022-01-07 14:23:04:  SELECT * FROM video_api;
25.2022-01-07 14:23:55:  SELECT * FROM video_api;
1.2022-01-07 14:25:06:  SELECT * FROM video_api;
2.2022-01-07 14:25:13:  INSERT INTO video_api (api_name, api_url) VALUES ('阿斯顿撒多', '啊实打实大'); 
3.2022-01-07 14:25:54:  SELECT * FROM video_api;
4.2022-01-07 14:26:01:  INSERT INTO video_api (api_name, api_url) VALUES ('阿达', '阿萨德啊'); 
5.2022-01-07 14:26:06:  INSERT INTO video_api (api_name, api_url) VALUES ('阿达', '阿萨德啊'); 
6.2022-01-07 14:26:09:  INSERT INTO video_api (api_name, api_url) VALUES ('阿达', '阿萨德啊'); 
7.2022-01-07 14:26:18:  INSERT INTO video_api (api_name, api_url) VALUES ('阿达', '阿萨德啊'); 
8.2022-01-07 14:27:51:  SELECT * FROM video_api;
9.2022-01-07 14:28:00:  SELECT * FROM video_api;
10.2022-01-07 14:28:08:  INSERT INTO video_api (api_name, api_url) VALUES ('啊实打实大', '啊实打实大多'); 
11.2022-01-07 14:28:08:  SELECT * FROM video_api;
12.2022-01-07 14:28:36:  SELECT * FROM video_api;
13.2022-01-07 14:28:42:  INSERT INTO video_api (api_name, api_url) VALUES ('啊实打实大所多啊', '123123123'); 
14.2022-01-07 14:28:42:  SELECT * FROM video_api;
15.2022-01-07 14:28:53:  UPDATE video_api SET api_name = '阿达啊实打实大所多21313123123123',api_url = '阿萨德啊' WHERE id = 22 ;
16.2022-01-07 14:28:53:  SELECT * FROM video_api;
17.2022-01-07 14:30:06:  SELECT * FROM video_api;
18.2022-01-07 14:30:54:  SELECT * FROM video_api;
19.2022-01-07 14:31:19:  SELECT * FROM video_api;
20.2022-01-07 14:31:30:  SELECT * FROM video_api;
21.2022-01-07 14:31:56:  UPDATE video_api SET api_name = '1322',api_url = '123123123' WHERE id = 24 ;
22.2022-01-07 14:31:56:  SELECT * FROM video_api;
23.2022-01-07 14:32:16:  SELECT * FROM video_api;
24.2022-01-07 14:32:18:   DELETE FROM video_api WHERE id = 24 
25.2022-01-07 14:32:18:  SELECT * FROM video_api;
26.2022-01-07 14:32:20:   DELETE FROM video_api WHERE id = 23 
27.2022-01-07 14:32:20:  SELECT * FROM video_api;
28.2022-01-07 14:32:20:   DELETE FROM video_api WHERE id = 22 
29.2022-01-07 14:32:20:  SELECT * FROM video_api;
30.2022-01-07 14:32:26:   DELETE FROM video_api WHERE id = 21 
31.2022-01-07 14:32:26:  SELECT * FROM video_api;
32.2022-01-07 14:32:27:   DELETE FROM video_api WHERE id = 20 
33.2022-01-07 14:32:27:  SELECT * FROM video_api;
34.2022-01-07 14:32:27:   DELETE FROM video_api WHERE id = 19 
35.2022-01-07 14:32:27:  SELECT * FROM video_api;
36.2022-01-07 14:32:28:   DELETE FROM video_api WHERE id = 18 
37.2022-01-07 14:32:28:  SELECT * FROM video_api;
38.2022-01-07 14:32:37:  select * from mac_vod where 1=1   LIMIT 0,20 
39.2022-01-07 14:32:37:  SELECT * FROM video_api;
40.2022-01-07 14:32:39:  SELECT * FROM video_api;
41.2022-01-07 14:33:25:  SELECT * FROM video_api;
42.2022-01-07 14:33:26:  select * from mac_vod where 1=1   LIMIT 0,20 
43.2022-01-07 14:33:27:  select type_id,type_name,type_en,type_pid,type_status,
            type_sort from mac_type order by type_id asc 
44.2022-01-07 14:33:28:  select type_id,type_name,type_en,type_pid,type_status,
            type_sort from mac_type order by type_id asc 
45.2022-01-07 14:38:10:  select vod_id,vod_name,vod_pic,vod_year,vod_blurb,
    vod_class,vod_area,vod_lang,vod_score,vod_remarks,vod_hits
     from mac_vod where 1=1  and type_id_1='1' ORDER BY vod_level DESC ,vod_hits DESC,vod_time DESC LIMIT 6
46.2022-01-07 14:38:10:  select vod_id,vod_name,vod_pic,vod_year,
    vod_class,vod_area,vod_lang,vod_score,vod_remarks,vod_hits
     from mac_vod where 1=1  and type_id_1='1'  ORDER BY vod_level DESC ,vod_hits DESC,vod_time DESC  LIMIT 14
47.2022-01-07 14:38:10:  select vod_id,vod_name,vod_pic,vod_year,
     vod_class,vod_area,vod_lang,vod_score,vod_remarks,vod_hits
     from mac_vod where 1=1  and type_id_1='2'  ORDER BY mac_vod.vod_time DESC  LIMIT 14
48.2022-01-07 14:38:11:  select vod_id,vod_name,vod_pic,vod_year,
     vod_class,vod_area,vod_lang,vod_score,vod_remarks,vod_hits
     from mac_vod where 1=1  and type_id='3'  ORDER BY mac_vod.vod_time DESC  LIMIT 14
49.2022-01-07 14:38:11:  select vod_id,vod_name,vod_pic,vod_year,
     vod_class,vod_area,vod_lang,vod_score,vod_remarks,vod_hits
     from mac_vod where 1=1  and type_id='4'  ORDER BY mac_vod.vod_time DESC  LIMIT 14
50.2022-01-07 14:38:13:  select vod_id,vod_name,type_id,type_id_1,vod_pic,vod_year,vod_class,vod_area,vod_lang,vod_score,vod_score,vod_pubdate,
    vod_en,vod_blurb,vod_content,vod_remarks,vod_hits,vod_time,vod_director,vod_actor,vod_duration,vod_reurl,vod_play_url,vod_play_from
     from mac_vod where  vod_id='7554' LIMIT 1
51.2022-01-07 14:38:13:  select vod_id,vod_name,type_id,type_id_1,vod_pic,vod_year,vod_class,vod_area,vod_lang,vod_score,vod_hits,vod_actor
    from mac_vod where type_id='7' ORDER BY vod_score_all desc LIMIT 6 ;  
52.2022-01-07 14:38:13:  select vod_id,vod_name,type_id,type_id_1,vod_pic,vod_year,vod_class,vod_area,vod_lang,vod_score,vod_hits,vod_actor
    from mac_vod where type_id='7' ORDER BY vod_hits desc LIMIT 8 ;  
53.2022-01-07 14:40:25:  select vod_id,vod_name,type_id,type_id_1,vod_pic,vod_year,vod_class,vod_area,vod_lang,vod_score,vod_score,vod_pubdate,
    vod_en,vod_blurb,vod_content,vod_remarks,vod_hits,vod_time,vod_director,vod_actor,vod_duration,vod_reurl,vod_play_url,vod_play_from
     from mac_vod where  vod_id='7554' LIMIT 1
54.2022-01-07 14:43:47:  select vod_id,vod_name,vod_pic,vod_year,
    vod_class,vod_area,vod_lang,vod_score,vod_remarks,vod_hits
    from mac_vod where type_id_1='1'    and 1=1  ORDER BY vod_time_add  DESC   LIMIT 0,42 
55.2022-01-07 14:43:51:  select vod_id,vod_name,vod_pic,vod_year,vod_blurb,
    vod_class,vod_area,vod_lang,vod_score,vod_remarks,vod_hits
     from mac_vod where 1=1  and type_id_1='1' ORDER BY vod_level DESC ,vod_hits DESC,vod_time DESC LIMIT 6
56.2022-01-07 14:43:51:  select vod_id,vod_name,vod_pic,vod_year,
    vod_class,vod_area,vod_lang,vod_score,vod_remarks,vod_hits
     from mac_vod where 1=1  and type_id_1='1'  ORDER BY vod_level DESC ,vod_hits DESC,vod_time DESC  LIMIT 14
57.2022-01-07 14:43:51:  select vod_id,vod_name,vod_pic,vod_year,
     vod_class,vod_area,vod_lang,vod_score,vod_remarks,vod_hits
     from mac_vod where 1=1  and type_id_1='2'  ORDER BY mac_vod.vod_time DESC  LIMIT 14
58.2022-01-07 14:43:51:  select vod_id,vod_name,vod_pic,vod_year,
     vod_class,vod_area,vod_lang,vod_score,vod_remarks,vod_hits
     from mac_vod where 1=1  and type_id='3'  ORDER BY mac_vod.vod_time DESC  LIMIT 14
59.2022-01-07 14:43:51:  select vod_id,vod_name,vod_pic,vod_year,
     vod_class,vod_area,vod_lang,vod_score,vod_remarks,vod_hits
     from mac_vod where 1=1  and type_id='4'  ORDER BY mac_vod.vod_time DESC  LIMIT 14
60.2022-01-07 14:45:22:  select vod_id,vod_name,vod_pic,vod_year,
    vod_class,vod_area,vod_lang,vod_score,vod_remarks,vod_hits
    from mac_vod where type_id_1='1'    and 1=1  ORDER BY vod_time_add  DESC   LIMIT 0,42 
61.2022-01-07 14:45:22:  select vod_id,vod_name,vod_pic,vod_year,
    vod_class,vod_area,vod_lang,vod_score,vod_remarks,vod_hits
     from mac_vod where 1=1  and type_id_1='1'  ORDER BY vod_level DESC ,vod_hits DESC,vod_time DESC  LIMIT 14
62.2022-01-07 14:45:22:  select vod_id,vod_name,vod_pic,vod_year,vod_blurb,
    vod_class,vod_area,vod_lang,vod_score,vod_remarks,vod_hits
     from mac_vod where 1=1  and type_id_1='1' ORDER BY vod_level DESC ,vod_hits DESC,vod_time DESC LIMIT 6
63.2022-01-07 14:45:22:  select vod_id,vod_name,vod_pic,vod_year,
     vod_class,vod_area,vod_lang,vod_score,vod_remarks,vod_hits
     from mac_vod where 1=1  and type_id_1='2'  ORDER BY mac_vod.vod_time DESC  LIMIT 14
64.2022-01-07 14:45:23:  select vod_id,vod_name,vod_pic,vod_year,
     vod_class,vod_area,vod_lang,vod_score,vod_remarks,vod_hits
     from mac_vod where 1=1  and type_id='3'  ORDER BY mac_vod.vod_time DESC  LIMIT 14
65.2022-01-07 14:45:23:  select vod_id,vod_name,vod_pic,vod_year,
     vod_class,vod_area,vod_lang,vod_score,vod_remarks,vod_hits
     from mac_vod where 1=1  and type_id='4'  ORDER BY mac_vod.vod_time DESC  LIMIT 14
66.2022-01-07 14:48:10:  SELECT * FROM video_api;
67.2022-01-07 14:48:10:  select * from mac_vod where 1=1   LIMIT 0,20 
68.2022-01-07 14:48:11:  SELECT * FROM video_api;
69.2022-01-07 14:48:12:  select type_id,type_name,type_en,type_pid,type_status,
            type_sort from mac_type order by type_id asc 
70.2022-01-07 14:48:13:  select type_id,type_name,type_en,type_pid,type_status,
            type_sort from mac_type order by type_id asc 
1.2022-01-07 21:18:00:  select vod_id,vod_name,vod_pic,vod_year,vod_blurb,
    vod_class,vod_area,vod_lang,vod_score,vod_remarks,vod_hits
     from mac_vod where 1=1  and type_id_1='1' ORDER BY vod_level DESC ,vod_hits DESC,vod_time DESC LIMIT 6
2.2022-01-07 21:18:00:  select vod_id,vod_name,vod_pic,vod_year,
    vod_class,vod_area,vod_lang,vod_score,vod_remarks,vod_hits
     from mac_vod where 1=1  and type_id_1='1'  ORDER BY vod_level DESC ,vod_hits DESC,vod_time DESC  LIMIT 14
3.2022-01-07 21:18:00:  select vod_id,vod_name,vod_pic,vod_year,
     vod_class,vod_area,vod_lang,vod_score,vod_remarks,vod_hits
     from mac_vod where 1=1  and type_id_1='2'  ORDER BY mac_vod.vod_time DESC  LIMIT 14
4.2022-01-07 21:18:00:  select vod_id,vod_name,vod_pic,vod_year,
     vod_class,vod_area,vod_lang,vod_score,vod_remarks,vod_hits
     from mac_vod where 1=1  and type_id='3'  ORDER BY mac_vod.vod_time DESC  LIMIT 14
5.2022-01-07 21:18:01:  select vod_id,vod_name,vod_pic,vod_year,
     vod_class,vod_area,vod_lang,vod_score,vod_remarks,vod_hits
     from mac_vod where 1=1  and type_id='4'  ORDER BY mac_vod.vod_time DESC  LIMIT 14
1.2022-01-07 21:18:18:  select * from mac_admin where admin_name='xiaobai' and admin_pwd='4297f44b13955235245b2497399d7a93' 
2.2022-01-07 21:18:18:  xiaobai,:,eyJhbGciOiJIUzI1NiIsInR5cCI6IkpXVCJ9.eyJ1aWQiOiJ4aWFvYmFpIiwic2NvcGUiOjEsImlhdCI6MTY0MTU2MTQ5OCwiZXhwIjoxNjQxNTY4Njk4fQ.sV9uA2MH9cacHJRuImgRM7EbN_qekv65mjjDSnWh07U
3.2022-01-07 21:18:21:  select type_id,type_name,type_en,type_pid,type_status,
            type_sort from mac_type order by type_id asc 
4.2022-01-07 21:18:27:  select vod_id,vod_name,vod_pic,vod_year,vod_blurb,
    vod_class,vod_area,vod_lang,vod_score,vod_remarks,vod_hits
     from mac_vod where 1=1  and type_id_1='1' ORDER BY vod_level DESC ,vod_hits DESC,vod_time DESC LIMIT 6
5.2022-01-07 21:18:27:  select vod_id,vod_name,vod_pic,vod_year,
    vod_class,vod_area,vod_lang,vod_score,vod_remarks,vod_hits
     from mac_vod where 1=1  and type_id_1='1'  ORDER BY vod_level DESC ,vod_hits DESC,vod_time DESC  LIMIT 14
6.2022-01-07 21:18:27:  select vod_id,vod_name,vod_pic,vod_year,
     vod_class,vod_area,vod_lang,vod_score,vod_remarks,vod_hits
     from mac_vod where 1=1  and type_id_1='2'  ORDER BY mac_vod.vod_time DESC  LIMIT 14
7.2022-01-07 21:18:27:  select vod_id,vod_name,vod_pic,vod_year,
     vod_class,vod_area,vod_lang,vod_score,vod_remarks,vod_hits
     from mac_vod where 1=1  and type_id='3'  ORDER BY mac_vod.vod_time DESC  LIMIT 14
8.2022-01-07 21:18:28:  select vod_id,vod_name,vod_pic,vod_year,
     vod_class,vod_area,vod_lang,vod_score,vod_remarks,vod_hits
     from mac_vod where 1=1  and type_id='4'  ORDER BY mac_vod.vod_time DESC  LIMIT 14
9.2022-01-07 21:18:38:  select vod_id,vod_name,type_id,type_id_1,vod_pic,vod_year,vod_class,vod_area,vod_lang,vod_score,vod_score,vod_pubdate,
    vod_en,vod_blurb,vod_content,vod_remarks,vod_hits,vod_time,vod_director,vod_actor,vod_duration,vod_reurl,vod_play_url,vod_play_from
     from mac_vod where  vod_id='26013' LIMIT 1
10.2022-01-07 21:18:38:  select vod_id,vod_name,type_id,type_id_1,vod_pic,vod_year,vod_class,vod_area,vod_lang,vod_score,vod_hits,vod_actor
    from mac_vod where type_id='7' ORDER BY vod_score_all desc LIMIT 6 ;  
11.2022-01-07 21:18:38:  select vod_id,vod_name,type_id,type_id_1,vod_pic,vod_year,vod_class,vod_area,vod_lang,vod_score,vod_hits,vod_actor
    from mac_vod where type_id='7' ORDER BY vod_hits desc LIMIT 8 ;  
12.2022-01-07 21:18:41:  select vod_id,vod_name,type_id,type_id_1,vod_pic,vod_year,vod_class,vod_area,vod_lang,vod_score,vod_score,vod_pubdate,
    vod_en,vod_blurb,vod_content,vod_remarks,vod_hits,vod_time,vod_director,vod_actor,vod_duration,vod_reurl,vod_play_url,vod_play_from
     from mac_vod where  vod_id='26013' LIMIT 1
13.2022-01-07 21:19:04:  select * from mac_vod where 1=1   LIMIT 0,20 
1.2022-01-19 13:06:45:  select vod_id,vod_name,vod_pic,vod_year,vod_blurb,
    vod_class,vod_area,vod_lang,vod_score,vod_remarks,vod_hits
     from mac_vod where 1=1  and type_id_1='1' ORDER BY vod_level DESC ,vod_hits DESC,vod_time DESC LIMIT 6
2.2022-01-19 13:06:45:  select vod_id,vod_name,vod_pic,vod_year,
    vod_class,vod_area,vod_lang,vod_score,vod_remarks,vod_hits
     from mac_vod where 1=1  and type_id_1='1'  ORDER BY vod_level DESC ,vod_hits DESC,vod_time DESC  LIMIT 14
3.2022-01-19 13:06:45:  select vod_id,vod_name,vod_pic,vod_year,
     vod_class,vod_area,vod_lang,vod_score,vod_remarks,vod_hits
     from mac_vod where 1=1  and type_id_1='2'  ORDER BY mac_vod.vod_time DESC  LIMIT 14
4.2022-01-19 13:06:46:  select vod_id,vod_name,vod_pic,vod_year,
     vod_class,vod_area,vod_lang,vod_score,vod_remarks,vod_hits
     from mac_vod where 1=1  and type_id='3'  ORDER BY mac_vod.vod_time DESC  LIMIT 14
5.2022-01-19 13:06:46:  select vod_id,vod_name,vod_pic,vod_year,
     vod_class,vod_area,vod_lang,vod_score,vod_remarks,vod_hits
     from mac_vod where 1=1  and type_id='4'  ORDER BY mac_vod.vod_time DESC  LIMIT 14
6.2022-01-19 13:06:50:  select * from mac_admin where admin_name='xiaobai' and admin_pwd='4297f44b13955235245b2497399d7a93' 
7.2022-01-19 13:06:50:  xiaobai,:,eyJhbGciOiJIUzI1NiIsInR5cCI6IkpXVCJ9.eyJ1aWQiOiJ4aWFvYmFpIiwic2NvcGUiOjEsImlhdCI6MTY0MjU2ODgxMCwiZXhwIjoxNjQyNTc2MDEwfQ.3dAZU8DZ94g2fzWowfFsJ96wXJ2czi9_q60k-9Nn208
8.2022-01-19 13:06:52:  select * from mac_vod where 1=1   LIMIT 0,20 
9.2022-01-19 13:06:55:  SELECT * FROM video_api;
10.2022-01-19 13:07:39:  select type_id,type_name,type_en,type_pid,type_status,
            type_sort from mac_type order by type_id asc 
11.2022-01-19 13:08:53:  select * from mac_vod where 1=1   LIMIT 0,20 
12.2022-01-19 13:08:53:  SELECT * FROM video_api;
13.2022-01-19 13:08:56:  select * from mac_vod where 1=1   LIMIT 0,20 
14.2022-01-19 13:08:57:  select type_id,type_name,type_en,type_pid,type_status,
            type_sort from mac_type order by type_id asc 
1.2022-02-19 12:25:51:  select vod_id,vod_name,vod_pic,vod_year,vod_blurb,
    vod_class,vod_area,vod_lang,vod_score,vod_remarks,vod_hits
     from mac_vod where 1=1  and type_id_1='1' ORDER BY vod_level DESC ,vod_hits DESC,vod_time DESC LIMIT 6
2.2022-02-19 12:25:51:  select vod_id,vod_name,vod_pic,vod_year,
    vod_class,vod_area,vod_lang,vod_score,vod_remarks,vod_hits
     from mac_vod where 1=1  and type_id_1='1'  ORDER BY vod_level DESC ,vod_hits DESC,vod_time DESC  LIMIT 14
3.2022-02-19 12:25:51:  select vod_id,vod_name,vod_pic,vod_year,
     vod_class,vod_area,vod_lang,vod_score,vod_remarks,vod_hits
     from mac_vod where 1=1  and type_id_1='2'  ORDER BY mac_vod.vod_time DESC  LIMIT 14
4.2022-02-19 12:25:52:  select vod_id,vod_name,vod_pic,vod_year,
     vod_class,vod_area,vod_lang,vod_score,vod_remarks,vod_hits
     from mac_vod where 1=1  and type_id='3'  ORDER BY mac_vod.vod_time DESC  LIMIT 14
5.2022-02-19 12:25:52:  select vod_id,vod_name,vod_pic,vod_year,
     vod_class,vod_area,vod_lang,vod_score,vod_remarks,vod_hits
     from mac_vod where 1=1  and type_id='4'  ORDER BY mac_vod.vod_time DESC  LIMIT 14
6.2022-02-19 12:25:55:  select * from mac_admin where admin_name='xiaobai' and admin_pwd='4297f44b13955235245b2497399d7a93' 
7.2022-02-19 12:25:55:  xiaobai,:,eyJhbGciOiJIUzI1NiIsInR5cCI6IkpXVCJ9.eyJ1aWQiOiJ4aWFvYmFpIiwic2NvcGUiOjEsImlhdCI6MTY0NTI0NDc1NSwiZXhwIjoxNjQ1MjUxOTU1fQ.wfjPKgF5_vrced8PLAO-o8y2FPUPqYr6Uj0Ek_bLoW0
8.2022-02-19 12:25:59:  select vod_id,vod_name,vod_pic,vod_year,
    vod_class,vod_area,vod_lang,vod_score,vod_remarks,vod_hits
     from mac_vod where 1=1  and type_id_1='1'  ORDER BY vod_level DESC ,vod_hits DESC,vod_time DESC  LIMIT 14
9.2022-02-19 12:25:59:  select vod_id,vod_name,vod_pic,vod_year,vod_blurb,
    vod_class,vod_area,vod_lang,vod_score,vod_remarks,vod_hits
     from mac_vod where 1=1  and type_id_1='1' ORDER BY vod_level DESC ,vod_hits DESC,vod_time DESC LIMIT 6
10.2022-02-19 12:25:59:  select vod_id,vod_name,vod_pic,vod_year,
     vod_class,vod_area,vod_lang,vod_score,vod_remarks,vod_hits
     from mac_vod where 1=1  and type_id_1='2'  ORDER BY mac_vod.vod_time DESC  LIMIT 14
11.2022-02-19 12:26:00:  select vod_id,vod_name,vod_pic,vod_year,
     vod_class,vod_area,vod_lang,vod_score,vod_remarks,vod_hits
     from mac_vod where 1=1  and type_id='3'  ORDER BY mac_vod.vod_time DESC  LIMIT 14
12.2022-02-19 12:26:00:  select vod_id,vod_name,vod_pic,vod_year,
     vod_class,vod_area,vod_lang,vod_score,vod_remarks,vod_hits
     from mac_vod where 1=1  and type_id='4'  ORDER BY mac_vod.vod_time DESC  LIMIT 14
13.2022-02-19 12:26:02:  select vod_id,vod_name,type_id,type_id_1,vod_pic,vod_year,vod_class,vod_area,vod_lang,vod_score,vod_score,vod_pubdate,
    vod_en,vod_blurb,vod_content,vod_remarks,vod_hits,vod_time,vod_director,vod_actor,vod_duration,vod_reurl,vod_play_url,vod_play_from
     from mac_vod where  vod_id='7554' LIMIT 1
14.2022-02-19 12:26:02:  select vod_id,vod_name,type_id,type_id_1,vod_pic,vod_year,vod_class,vod_area,vod_lang,vod_score,vod_hits,vod_actor
    from mac_vod where type_id='7' ORDER BY vod_score_all desc LIMIT 6 ;  
15.2022-02-19 12:26:02:  select vod_id,vod_name,type_id,type_id_1,vod_pic,vod_year,vod_class,vod_area,vod_lang,vod_score,vod_hits,vod_actor
    from mac_vod where type_id='7' ORDER BY vod_hits desc LIMIT 8 ;  
16.2022-02-19 12:26:41:  select vod_id,vod_name,vod_pic,vod_year,vod_blurb,
    vod_class,vod_area,vod_lang,vod_score,vod_remarks,vod_hits
     from mac_vod where 1=1  and type_id_1='1' ORDER BY vod_level DESC ,vod_hits DESC,vod_time DESC LIMIT 6
17.2022-02-19 12:26:41:  select vod_id,vod_name,vod_pic,vod_year,
    vod_class,vod_area,vod_lang,vod_score,vod_remarks,vod_hits
     from mac_vod where 1=1  and type_id_1='1'  ORDER BY vod_level DESC ,vod_hits DESC,vod_time DESC  LIMIT 14
18.2022-02-19 12:26:42:  select vod_id,vod_name,vod_pic,vod_year,
     vod_class,vod_area,vod_lang,vod_score,vod_remarks,vod_hits
     from mac_vod where 1=1  and type_id_1='2'  ORDER BY mac_vod.vod_time DESC  LIMIT 14
19.2022-02-19 12:26:42:  select vod_id,vod_name,vod_pic,vod_year,
     vod_class,vod_area,vod_lang,vod_score,vod_remarks,vod_hits
     from mac_vod where 1=1  and type_id='3'  ORDER BY mac_vod.vod_time DESC  LIMIT 14
20.2022-02-19 12:26:42:  select vod_id,vod_name,vod_pic,vod_year,
     vod_class,vod_area,vod_lang,vod_score,vod_remarks,vod_hits
     from mac_vod where 1=1  and type_id='4'  ORDER BY mac_vod.vod_time DESC  LIMIT 14
1.2022-02-19 12:28:10:  select vod_id,vod_name,vod_pic,vod_year,vod_blurb,
    vod_class,vod_area,vod_lang,vod_score,vod_remarks,vod_hits
     from mac_vod where 1=1  and type_id_1='1' ORDER BY vod_level DESC ,vod_hits DESC,vod_time DESC LIMIT 6
2.2022-02-19 12:28:10:  select vod_id,vod_name,vod_pic,vod_year,
    vod_class,vod_area,vod_lang,vod_score,vod_remarks,vod_hits
     from mac_vod where 1=1  and type_id_1='1'  ORDER BY vod_level DESC ,vod_hits DESC,vod_time DESC  LIMIT 14
3.2022-02-19 12:28:11:  select vod_id,vod_name,vod_pic,vod_year,
     vod_class,vod_area,vod_lang,vod_score,vod_remarks,vod_hits
     from mac_vod where 1=1  and type_id_1='2'  ORDER BY mac_vod.vod_time DESC  LIMIT 14
4.2022-02-19 12:28:11:  select vod_id,vod_name,vod_pic,vod_year,
     vod_class,vod_area,vod_lang,vod_score,vod_remarks,vod_hits
     from mac_vod where 1=1  and type_id='3'  ORDER BY mac_vod.vod_time DESC  LIMIT 14
5.2022-02-19 12:28:11:  select vod_id,vod_name,vod_pic,vod_year,
     vod_class,vod_area,vod_lang,vod_score,vod_remarks,vod_hits
     from mac_vod where 1=1  and type_id='4'  ORDER BY mac_vod.vod_time DESC  LIMIT 14
6.2022-02-19 12:28:17:  select * from mac_vod where 1=1   LIMIT 0,20 
7.2022-02-19 12:28:18:  SELECT * FROM video_api;
8.2022-02-19 12:28:19:  select * from mac_vod where 1=1   LIMIT 0,20 
9.2022-02-19 12:28:21:  select type_id,type_name,type_en,type_pid,type_status,
            type_sort from mac_type order by type_id asc 
10.2022-02-19 12:28:23:  select * from mac_vod where 1=1   LIMIT 0,20 
11.2022-02-19 12:28:30:  SELECT * FROM video_api;
12.2022-02-19 12:28:34:  select * from mac_vod where 1=1   LIMIT 0,20 
13.2022-02-19 12:29:53:  select vod_id,vod_name,vod_pic,vod_year,
    vod_class,vod_area,vod_lang,vod_score,vod_remarks,vod_hits
    from mac_vod where type_id_1='1'    and 1=1  ORDER BY vod_time_add  DESC   LIMIT 0,42 
14.2022-02-19 12:30:00:  select vod_id,vod_name,vod_pic,vod_year,
    vod_class,vod_area,vod_lang,vod_score,vod_remarks,vod_hits
    from mac_vod where type_id_1='1'    and 1=1  ORDER BY vod_time_add  DESC   LIMIT 0,42 
15.2022-02-19 12:32:48:  select vod_id,vod_name,vod_pic,vod_year,
    vod_class,vod_area,vod_lang,vod_score,vod_remarks,vod_hits
    from mac_vod where type_id_1='1'    and 1=1  ORDER BY vod_time_add  DESC   LIMIT 0,42 
16.2022-02-19 12:32:55:  select vod_id,vod_name,vod_pic,vod_year,
    vod_class,vod_area,vod_lang,vod_score,vod_remarks,vod_hits
    from mac_vod where type_id_1='1'    and 1=1  ORDER BY vod_time_add  DESC   LIMIT 0,42 
17.2022-02-19 12:32:55:  select vod_id,vod_name,vod_pic,vod_year,
     vod_class,vod_area,vod_lang,vod_score,vod_remarks,vod_hits
     from mac_vod where type_id_1='2'   and 1=1  ORDER BY vod_time_add  DESC   LIMIT 0,42 
18.2022-02-19 12:34:43:  select vod_id,vod_name,vod_pic,vod_year,
     vod_class,vod_area,vod_lang,vod_score,vod_remarks,vod_hits
     from mac_vod where type_id_1='2'   and 1=1  ORDER BY vod_time_add  DESC   LIMIT 0,42 
19.2022-02-19 12:34:47:  select vod_id,vod_name,vod_pic,vod_year,
    vod_class,vod_area,vod_lang,vod_score,vod_remarks,vod_hits
    from mac_vod where type_id_1='1'    and 1=1  ORDER BY vod_time_add  DESC   LIMIT 0,42 
20.2022-02-19 12:39:22:  select vod_id,vod_name,vod_pic,vod_year,
    vod_class,vod_area,vod_lang,vod_score,vod_remarks,vod_hits
    from mac_vod where type_id_1='1'    and 1=1  ORDER BY vod_time_add  DESC   LIMIT 0,42 
21.2022-02-19 12:39:26:  select vod_id,vod_name,vod_pic,vod_year,
     vod_class,vod_area,vod_lang,vod_score,vod_remarks,vod_hits
     from mac_vod where type_id_1='2'   and 1=1  ORDER BY vod_time_add  DESC   LIMIT 0,42 
22.2022-02-19 12:42:33:  select vod_id,vod_name,vod_pic,vod_year,
     vod_class,vod_area,vod_lang,vod_score,vod_remarks,vod_hits
     from mac_vod where type_id='4'   and 1=1  ORDER BY vod_time_add  DESC   LIMIT 0,42 
23.2022-02-19 12:42:33:  SELECT COUNT(*) as total from mac_vod where  type_id='4' 
24.2022-02-19 12:42:35:  select vod_id,vod_name,vod_pic,vod_year,
     vod_class,vod_area,vod_lang,vod_score,vod_remarks,vod_hits
     from mac_vod where type_id='3'   and 1=1  ORDER BY vod_time_add  DESC   LIMIT 0,42 
25.2022-02-19 12:42:36:  select vod_id,vod_name,vod_pic,vod_year,
     vod_class,vod_area,vod_lang,vod_score,vod_remarks,vod_hits
     from mac_vod where type_id='4'   and 1=1  ORDER BY vod_time_add  DESC   LIMIT 0,42 
26.2022-02-19 12:42:36:  SELECT COUNT(*) as total from mac_vod where  type_id='4' 
27.2022-02-19 12:42:37:  select vod_id,vod_name,vod_pic,vod_year,
    vod_class,vod_area,vod_lang,vod_score,vod_remarks,vod_hits
    from mac_vod where  type_id='27'   and 1=1   ORDER BY vod_time_add  DESC  LIMIT 0,42 
29.2022-02-19 12:42:38:  SELECT COUNT(*) as total from mac_vod where  type_id='4' 
28.2022-02-19 12:42:38:  select vod_id,vod_name,vod_pic,vod_year,
     vod_class,vod_area,vod_lang,vod_score,vod_remarks,vod_hits
     from mac_vod where type_id='4'   and 1=1  ORDER BY vod_time_add  DESC   LIMIT 0,42 
30.2022-02-19 12:42:42:  select vod_id,vod_name,vod_pic,vod_year,
    vod_class,vod_area,vod_lang,vod_score,vod_remarks,vod_hits
    from mac_vod where type_id_1='1'    and 1=1  ORDER BY vod_time_add  DESC   LIMIT 0,42 
31.2022-02-19 12:42:44:  select vod_id,vod_name,vod_pic,vod_year,
     vod_class,vod_area,vod_lang,vod_score,vod_remarks,vod_hits
     from mac_vod where type_id_1='2'   and 1=1  ORDER BY vod_time_add  DESC   LIMIT 0,42 
32.2022-02-19 12:42:44:  select vod_id,vod_name,vod_pic,vod_year,
     vod_class,vod_area,vod_lang,vod_score,vod_remarks,vod_hits
     from mac_vod where type_id='3'   and 1=1  ORDER BY vod_time_add  DESC   LIMIT 0,42 
1.2022-02-19 17:52:06:  select vod_id,vod_name,vod_pic,vod_year,vod_blurb,
    vod_class,vod_area,vod_lang,vod_score,vod_remarks,vod_hits
     from mac_vod where 1=1  and type_id_1='1' ORDER BY vod_level DESC ,vod_hits DESC,vod_time DESC LIMIT 6
2.2022-02-19 17:52:06:  select vod_id,vod_name,vod_pic,vod_year,
    vod_class,vod_area,vod_lang,vod_score,vod_remarks,vod_hits
     from mac_vod where 1=1  and type_id_1='1'  ORDER BY vod_level DESC ,vod_hits DESC,vod_time DESC  LIMIT 14
3.2022-02-19 17:52:06:  select vod_id,vod_name,vod_pic,vod_year,
     vod_class,vod_area,vod_lang,vod_score,vod_remarks,vod_hits
     from mac_vod where 1=1  and type_id_1='2'  ORDER BY mac_vod.vod_time DESC  LIMIT 14
4.2022-02-19 17:52:07:  select vod_id,vod_name,vod_pic,vod_year,
     vod_class,vod_area,vod_lang,vod_score,vod_remarks,vod_hits
     from mac_vod where 1=1  and type_id='3'  ORDER BY mac_vod.vod_time DESC  LIMIT 14
5.2022-02-19 17:52:07:  select vod_id,vod_name,vod_pic,vod_year,
     vod_class,vod_area,vod_lang,vod_score,vod_remarks,vod_hits
     from mac_vod where 1=1  and type_id='4'  ORDER BY mac_vod.vod_time DESC  LIMIT 14
6.2022-02-19 17:53:13:  select * from mac_admin where admin_name='xiaobai' and admin_pwd='4297f44b13955235245b2497399d7a93' 
7.2022-02-19 17:53:13:  xiaobai,:,eyJhbGciOiJIUzI1NiIsInR5cCI6IkpXVCJ9.eyJ1aWQiOiJ4aWFvYmFpIiwic2NvcGUiOjEsImlhdCI6MTY0NTI2NDM5MywiZXhwIjoxNjQ1MjcxNTkzfQ.APbdo6JtoAuQpuCFqwi5St9mGDvC_XbebVzM4RMlhQY
8.2022-02-19 17:53:15:  select * from mac_vod where 1=1   LIMIT 0,20 
9.2022-02-19 17:53:28:  SELECT * FROM video_api;
10.2022-02-19 17:53:30:  select type_id,type_name,type_en,type_pid,type_status,
            type_sort from mac_type order by type_id asc 
11.2022-02-19 17:53:32:  select type_id,type_name,type_en,type_pid,type_status,
            type_sort from mac_type order by type_id asc 
12.2022-02-19 17:53:33:  SELECT * FROM video_api;
13.2022-02-19 17:53:49:  select * from mac_vod where 1=1   LIMIT 0,20 
14.2022-02-19 17:53:53:  select vod_id,vod_name,type_id,type_id_1,vod_pic,vod_year,vod_class,vod_area,vod_lang,vod_score,vod_score,vod_pubdate,
    vod_en,vod_blurb,vod_content,vod_remarks,vod_hits,vod_time,vod_director,vod_actor,vod_duration,vod_reurl,vod_play_url,vod_play_from
     from mac_vod where  vod_id='31377' LIMIT 1
15.2022-02-19 17:53:53:  select vod_id,vod_name,type_id,type_id_1,vod_pic,vod_year,vod_class,vod_area,vod_lang,vod_score,vod_hits,vod_actor
    from mac_vod where type_id='3' ORDER BY vod_score_all desc LIMIT 6 ;  
16.2022-02-19 17:53:53:  select vod_id,vod_name,type_id,type_id_1,vod_pic,vod_year,vod_class,vod_area,vod_lang,vod_score,vod_hits,vod_actor
    from mac_vod where type_id='3' ORDER BY vod_hits desc LIMIT 8 ;  
17.2022-02-19 17:53:56:  select vod_id,vod_name,vod_pic,vod_year,
    vod_class,vod_area,vod_lang,vod_score,vod_remarks,vod_hits
    from mac_vod where type_id_1='1'    and 1=1  ORDER BY vod_time_add  DESC   LIMIT 0,42 
18.2022-02-19 17:53:59:  select vod_id,vod_name,vod_pic,vod_year,
    vod_class,vod_area,vod_lang,vod_score,vod_remarks,vod_hits
    from mac_vod where type_id_1='1'    and 1=1  and vod_year='2021'  ORDER BY vod_time_add  DESC   LIMIT 0,42 
19.2022-02-19 17:58:08:  select vod_id,vod_name,type_id,type_id_1,vod_pic,vod_year,vod_class,vod_area,vod_lang,vod_score,vod_score,vod_pubdate,
    vod_en,vod_blurb,vod_content,vod_remarks,vod_hits,vod_time,vod_director,vod_actor,vod_duration,vod_reurl,vod_play_url,vod_play_from
     from mac_vod where  vod_id='31818' LIMIT 1
20.2022-02-19 17:58:08:  select vod_id,vod_name,type_id,type_id_1,vod_pic,vod_year,vod_class,vod_area,vod_lang,vod_score,vod_hits,vod_actor
    from mac_vod where type_id='11' ORDER BY vod_score_all desc LIMIT 6 ;  
21.2022-02-19 17:58:08:  select vod_id,vod_name,type_id,type_id_1,vod_pic,vod_year,vod_class,vod_area,vod_lang,vod_score,vod_hits,vod_actor
    from mac_vod where type_id='11' ORDER BY vod_hits desc LIMIT 8 ;  
22.2022-02-19 17:58:13:  select vod_id,vod_name,type_id,type_id_1,vod_pic,vod_year,vod_class,vod_area,vod_lang,vod_score,vod_score,vod_pubdate,
    vod_en,vod_blurb,vod_content,vod_remarks,vod_hits,vod_time,vod_director,vod_actor,vod_duration,vod_reurl,vod_play_url,vod_play_from
     from mac_vod where  vod_id='31824' LIMIT 1
23.2022-02-19 17:58:13:  select vod_id,vod_name,type_id,type_id_1,vod_pic,vod_year,vod_class,vod_area,vod_lang,vod_score,vod_hits,vod_actor
    from mac_vod where type_id='11' ORDER BY vod_score_all desc LIMIT 6 ;  
24.2022-02-19 17:58:13:  select vod_id,vod_name,type_id,type_id_1,vod_pic,vod_year,vod_class,vod_area,vod_lang,vod_score,vod_hits,vod_actor
    from mac_vod where type_id='11' ORDER BY vod_hits desc LIMIT 8 ;  
25.2022-02-19 17:58:14:  select vod_id,vod_name,vod_pic,vod_year,
     vod_class,vod_area,vod_lang,vod_score,vod_remarks,vod_hits
     from mac_vod where type_id_1='2'   and 1=1  ORDER BY vod_time_add  DESC   LIMIT 0,42 
26.2022-02-19 17:58:17:  select vod_id,vod_name,type_id,type_id_1,vod_pic,vod_year,vod_class,vod_area,vod_lang,vod_score,vod_score,vod_pubdate,
    vod_en,vod_blurb,vod_content,vod_remarks,vod_hits,vod_time,vod_director,vod_actor,vod_duration,vod_reurl,vod_play_url,vod_play_from
     from mac_vod where  vod_id='31848' LIMIT 1
27.2022-02-19 17:58:17:  select vod_id,vod_name,type_id,type_id_1,vod_pic,vod_year,vod_class,vod_area,vod_lang,vod_score,vod_hits,vod_actor
    from mac_vod where type_id='13' ORDER BY vod_score_all desc LIMIT 6 ;  
28.2022-02-19 17:58:17:  select vod_id,vod_name,type_id,type_id_1,vod_pic,vod_year,vod_class,vod_area,vod_lang,vod_score,vod_hits,vod_actor
    from mac_vod where type_id='13' ORDER BY vod_hits desc LIMIT 8 ;  
29.2022-02-19 17:58:21:  select vod_id,vod_name,type_id,type_id_1,vod_pic,vod_year,vod_class,vod_area,vod_lang,vod_score,vod_score,vod_pubdate,
    vod_en,vod_blurb,vod_content,vod_remarks,vod_hits,vod_time,vod_director,vod_actor,vod_duration,vod_reurl,vod_play_url,vod_play_from
     from mac_vod where  vod_id='31753' LIMIT 1
30.2022-02-19 17:58:21:  select vod_id,vod_name,type_id,type_id_1,vod_pic,vod_year,vod_class,vod_area,vod_lang,vod_score,vod_hits,vod_actor
    from mac_vod where type_id='13' ORDER BY vod_score_all desc LIMIT 6 ;  
31.2022-02-19 17:58:21:  select vod_id,vod_name,type_id,type_id_1,vod_pic,vod_year,vod_class,vod_area,vod_lang,vod_score,vod_hits,vod_actor
    from mac_vod where type_id='13' ORDER BY vod_hits desc LIMIT 8 ;  
32.2022-02-19 17:58:24:  select vod_id,vod_name,vod_pic,vod_year,
     vod_class,vod_area,vod_lang,vod_score,vod_remarks,vod_hits
     from mac_vod where type_id_1='2'   and 1=1  ORDER BY vod_time_add  DESC   LIMIT 126,42 
33.2022-02-19 17:58:27:  select vod_id,vod_name,type_id,type_id_1,vod_pic,vod_year,vod_class,vod_area,vod_lang,vod_score,vod_score,vod_pubdate,
    vod_en,vod_blurb,vod_content,vod_remarks,vod_hits,vod_time,vod_director,vod_actor,vod_duration,vod_reurl,vod_play_url,vod_play_from
     from mac_vod where  vod_id='29953' LIMIT 1
34.2022-02-19 17:58:27:  select vod_id,vod_name,type_id,type_id_1,vod_pic,vod_year,vod_class,vod_area,vod_lang,vod_score,vod_hits,vod_actor
    from mac_vod where type_id='16' ORDER BY vod_score_all desc LIMIT 6 ;  
35.2022-02-19 17:58:27:  select vod_id,vod_name,type_id,type_id_1,vod_pic,vod_year,vod_class,vod_area,vod_lang,vod_score,vod_hits,vod_actor
    from mac_vod where type_id='16' ORDER BY vod_hits desc LIMIT 8 ;  
36.2022-02-19 17:58:29:  select vod_id,vod_name,type_id,type_id_1,vod_pic,vod_year,vod_class,vod_area,vod_lang,vod_score,vod_score,vod_pubdate,
    vod_en,vod_blurb,vod_content,vod_remarks,vod_hits,vod_time,vod_director,vod_actor,vod_duration,vod_reurl,vod_play_url,vod_play_from
     from mac_vod where  vod_id='29953' LIMIT 1
